students.alx.pl:80 localhost - - [22/Jun/2014:17:40:03 +0200] "GET /server-status?auto HTTP/1.1" 200 441 "-" "libwww-perl/5.836"
students.alx.pl:80 localhost - - [22/Jun/2014:17:40:03 +0200] "GET /server-status?auto HTTP/1.1" 200 441 "-" "libwww-perl/5.836"
students.alx.pl:80 localhost - - [22/Jun/2014:17:40:12 +0200] "GET /server-status?auto HTTP/1.1" 200 441 "-" "libwww-perl/5.836"
students.alx.pl:80 localhost - - [22/Jun/2014:17:40:12 +0200] "GET /server-status?auto HTTP/1.1" 200 441 "-" "libwww-perl/5.836"
students.alx.pl:80 localhost - - [22/Jun/2014:17:40:14 +0200] "GET /server-status?auto HTTP/1.1" 200 441 "-" "libwww-perl/5.836"
students.alx.pl:80 localhost - - [22/Jun/2014:17:40:14 +0200] "GET /server-status?auto HTTP/1.1" 200 441 "-" "libwww-perl/5.836"
students.alx.pl:80 193.22.169.147 - - [22/Jun/2014:17:41:42 +0200] "GET / HTTP/1.1" 200 1002 "-" "check_http/v1.4.15 (nagios-plugins 1.4.15)"
students.alx.pl:80 193.22.169.147 - - [22/Jun/2014:17:41:42 +0200] "GET / HTTP/1.1" 200 1002 "-" "check_http/v1.4.15 (nagios-plugins 1.4.15)"
students.alx.pl:80 localhost - - [22/Jun/2014:17:45:04 +0200] "GET /server-status?auto HTTP/1.1" 200 441 "-" "libwww-perl/5.836"
students.alx.pl:80 localhost - - [22/Jun/2014:17:45:04 +0200] "GET /server-status?auto HTTP/1.1" 200 441 "-" "libwww-perl/5.836"
students.alx.pl:80 localhost - - [22/Jun/2014:17:45:13 +0200] "GET /server-status?auto HTTP/1.1" 200 441 "-" "libwww-perl/5.836"
students.alx.pl:80 localhost - - [22/Jun/2014:17:45:13 +0200] "GET /server-status?auto HTTP/1.1" 200 441 "-" "libwww-perl/5.836"
students.alx.pl:80 localhost - - [22/Jun/2014:17:45:15 +0200] "GET /server-status?auto HTTP/1.1" 200 439 "-" "libwww-perl/5.836"
students.alx.pl:80 localhost - - [22/Jun/2014:17:45:15 +0200] "GET /server-status?auto HTTP/1.1" 200 439 "-" "libwww-perl/5.836"
students.alx.pl:80 193.22.169.147 - - [22/Jun/2014:17:46:42 +0200] "GET / HTTP/1.1" 200 1002 "-" "check_http/v1.4.15 (nagios-plugins 1.4.15)"
students.alx.pl:80 193.22.169.147 - - [22/Jun/2014:17:46:42 +0200] "GET / HTTP/1.1" 200 1002 "-" "check_http/v1.4.15 (nagios-plugins 1.4.15)"
students.alx.pl:80 localhost - - [22/Jun/2014:17:50:04 +0200] "GET /server-status?auto HTTP/1.1" 200 441 "-" "libwww-perl/5.836"
students.alx.pl:80 localhost - - [22/Jun/2014:17:50:04 +0200] "GET /server-status?auto HTTP/1.1" 200 441 "-" "libwww-perl/5.836"
students.alx.pl:80 localhost - - [22/Jun/2014:17:50:14 +0200] "GET /server-status?auto HTTP/1.1" 200 440 "-" "libwww-perl/5.836"
students.alx.pl:80 localhost - - [22/Jun/2014:17:50:14 +0200] "GET /server-status?auto HTTP/1.1" 200 440 "-" "libwww-perl/5.836"
students.alx.pl:80 localhost - - [22/Jun/2014:17:50:15 +0200] "GET /server-status?auto HTTP/1.1" 200 441 "-" "libwww-perl/5.836"
students.alx.pl:80 localhost - - [22/Jun/2014:17:50:15 +0200] "GET /server-status?auto HTTP/1.1" 200 441 "-" "libwww-perl/5.836"
students.alx.pl:80 193.22.169.147 - - [22/Jun/2014:17:51:42 +0200] "GET / HTTP/1.1" 200 1002 "-" "check_http/v1.4.15 (nagios-plugins 1.4.15)"
students.alx.pl:80 193.22.169.147 - - [22/Jun/2014:17:51:42 +0200] "GET / HTTP/1.1" 200 1002 "-" "check_http/v1.4.15 (nagios-plugins 1.4.15)"
students.alx.pl:80 66.249.79.83 - - [22/Jun/2014:17:54:25 +0200] "GET /20130507/libs/sysplugins/smarty_security.php HTTP/1.1" 200 - "-" "Mozilla/5.0 (compatible; Googlebot/2.1; +http://www.google.com/bot.html)"
students.alx.pl:80 66.249.79.83 - - [22/Jun/2014:17:54:25 +0200] "GET /20130507/libs/sysplugins/smarty_security.php HTTP/1.1" 200 - "-" "Mozilla/5.0 (compatible; Googlebot/2.1; +http://www.google.com/bot.html)"
students.alx.pl:80 localhost - - [22/Jun/2014:17:55:04 +0200] "GET /server-status?auto HTTP/1.1" 200 440 "-" "libwww-perl/5.836"
students.alx.pl:80 localhost - - [22/Jun/2014:17:55:04 +0200] "GET /server-status?auto HTTP/1.1" 200 440 "-" "libwww-perl/5.836"
students.alx.pl:80 localhost - - [22/Jun/2014:17:55:13 +0200] "GET /server-status?auto HTTP/1.1" 200 440 "-" "libwww-perl/5.836"
students.alx.pl:80 localhost - - [22/Jun/2014:17:55:13 +0200] "GET /server-status?auto HTTP/1.1" 200 440 "-" "libwww-perl/5.836"
students.alx.pl:80 localhost - - [22/Jun/2014:17:55:14 +0200] "GET /server-status?auto HTTP/1.1" 200 440 "-" "libwww-perl/5.836"
students.alx.pl:80 localhost - - [22/Jun/2014:17:55:14 +0200] "GET /server-status?auto HTTP/1.1" 200 440 "-" "libwww-perl/5.836"
students.alx.pl:80 193.22.169.147 - - [22/Jun/2014:17:56:42 +0200] "GET / HTTP/1.1" 200 1002 "-" "check_http/v1.4.15 (nagios-plugins 1.4.15)"
students.alx.pl:80 193.22.169.147 - - [22/Jun/2014:17:56:42 +0200] "GET / HTTP/1.1" 200 1002 "-" "check_http/v1.4.15 (nagios-plugins 1.4.15)"
students.alx.pl:80 localhost - - [22/Jun/2014:18:00:03 +0200] "GET /server-status?auto HTTP/1.1" 200 440 "-" "libwww-perl/5.836"
students.alx.pl:80 localhost - - [22/Jun/2014:18:00:03 +0200] "GET /server-status?auto HTTP/1.1" 200 440 "-" "libwww-perl/5.836"
students.alx.pl:80 localhost - - [22/Jun/2014:18:00:15 +0200] "GET /server-status?auto HTTP/1.1" 200 441 "-" "libwww-perl/5.836"
students.alx.pl:80 localhost - - [22/Jun/2014:18:00:15 +0200] "GET /server-status?auto HTTP/1.1" 200 441 "-" "libwww-perl/5.836"
students.alx.pl:80 localhost - - [22/Jun/2014:18:00:16 +0200] "GET /server-status?auto HTTP/1.1" 200 439 "-" "libwww-perl/5.836"
students.alx.pl:80 localhost - - [22/Jun/2014:18:00:16 +0200] "GET /server-status?auto HTTP/1.1" 200 439 "-" "libwww-perl/5.836"
students.alx.pl:80 193.22.169.147 - - [22/Jun/2014:18:01:42 +0200] "GET / HTTP/1.1" 200 1002 "-" "check_http/v1.4.15 (nagios-plugins 1.4.15)"
students.alx.pl:80 193.22.169.147 - - [22/Jun/2014:18:01:42 +0200] "GET / HTTP/1.1" 200 1002 "-" "check_http/v1.4.15 (nagios-plugins 1.4.15)"
students.alx.pl:80 localhost - - [22/Jun/2014:18:05:03 +0200] "GET /server-status?auto HTTP/1.1" 200 440 "-" "libwww-perl/5.836"
students.alx.pl:80 localhost - - [22/Jun/2014:18:05:03 +0200] "GET /server-status?auto HTTP/1.1" 200 440 "-" "libwww-perl/5.836"
students.alx.pl:80 localhost - - [22/Jun/2014:18:05:15 +0200] "GET /server-status?auto HTTP/1.1" 200 440 "-" "libwww-perl/5.836"
students.alx.pl:80 localhost - - [22/Jun/2014:18:05:15 +0200] "GET /server-status?auto HTTP/1.1" 200 440 "-" "libwww-perl/5.836"
students.alx.pl:80 localhost - - [22/Jun/2014:18:05:16 +0200] "GET /server-status?auto HTTP/1.1" 200 441 "-" "libwww-perl/5.836"
students.alx.pl:80 localhost - - [22/Jun/2014:18:05:16 +0200] "GET /server-status?auto HTTP/1.1" 200 441 "-" "libwww-perl/5.836"
students.alx.pl:80 193.22.169.147 - - [22/Jun/2014:18:06:42 +0200] "GET / HTTP/1.1" 200 1002 "-" "check_http/v1.4.15 (nagios-plugins 1.4.15)"
students.alx.pl:80 193.22.169.147 - - [22/Jun/2014:18:06:42 +0200] "GET / HTTP/1.1" 200 1002 "-" "check_http/v1.4.15 (nagios-plugins 1.4.15)"
students.alx.pl:80 localhost - - [22/Jun/2014:18:10:03 +0200] "GET /server-status?auto HTTP/1.1" 200 440 "-" "libwww-perl/5.836"
students.alx.pl:80 localhost - - [22/Jun/2014:18:10:03 +0200] "GET /server-status?auto HTTP/1.1" 200 440 "-" "libwww-perl/5.836"
students.alx.pl:80 localhost - - [22/Jun/2014:18:10:12 +0200] "GET /server-status?auto HTTP/1.1" 200 441 "-" "libwww-perl/5.836"
students.alx.pl:80 localhost - - [22/Jun/2014:18:10:12 +0200] "GET /server-status?auto HTTP/1.1" 200 441 "-" "libwww-perl/5.836"
students.alx.pl:80 localhost - - [22/Jun/2014:18:10:14 +0200] "GET /server-status?auto HTTP/1.1" 200 441 "-" "libwww-perl/5.836"
students.alx.pl:80 localhost - - [22/Jun/2014:18:10:14 +0200] "GET /server-status?auto HTTP/1.1" 200 441 "-" "libwww-perl/5.836"
students.alx.pl:80 193.22.169.147 - - [22/Jun/2014:18:11:42 +0200] "GET / HTTP/1.1" 200 1002 "-" "check_http/v1.4.15 (nagios-plugins 1.4.15)"
students.alx.pl:80 193.22.169.147 - - [22/Jun/2014:18:11:42 +0200] "GET / HTTP/1.1" 200 1002 "-" "check_http/v1.4.15 (nagios-plugins 1.4.15)"
students.alx.pl:80 localhost - - [22/Jun/2014:18:15:03 +0200] "GET /server-status?auto HTTP/1.1" 200 436 "-" "libwww-perl/5.836"
students.alx.pl:80 localhost - - [22/Jun/2014:18:15:03 +0200] "GET /server-status?auto HTTP/1.1" 200 436 "-" "libwww-perl/5.836"
students.alx.pl:80 localhost - - [22/Jun/2014:18:15:12 +0200] "GET /server-status?auto HTTP/1.1" 200 441 "-" "libwww-perl/5.836"
students.alx.pl:80 localhost - - [22/Jun/2014:18:15:12 +0200] "GET /server-status?auto HTTP/1.1" 200 441 "-" "libwww-perl/5.836"
students.alx.pl:80 localhost - - [22/Jun/2014:18:15:14 +0200] "GET /server-status?auto HTTP/1.1" 200 441 "-" "libwww-perl/5.836"
students.alx.pl:80 localhost - - [22/Jun/2014:18:15:14 +0200] "GET /server-status?auto HTTP/1.1" 200 441 "-" "libwww-perl/5.836"
students.alx.pl:80 193.22.169.147 - - [22/Jun/2014:18:16:42 +0200] "GET / HTTP/1.1" 200 1002 "-" "check_http/v1.4.15 (nagios-plugins 1.4.15)"
students.alx.pl:80 193.22.169.147 - - [22/Jun/2014:18:16:42 +0200] "GET / HTTP/1.1" 200 1002 "-" "check_http/v1.4.15 (nagios-plugins 1.4.15)"
students.alx.pl:80 localhost - - [22/Jun/2014:18:20:03 +0200] "GET /server-status?auto HTTP/1.1" 200 439 "-" "libwww-perl/5.836"
students.alx.pl:80 localhost - - [22/Jun/2014:18:20:03 +0200] "GET /server-status?auto HTTP/1.1" 200 439 "-" "libwww-perl/5.836"
students.alx.pl:80 localhost - - [22/Jun/2014:18:20:12 +0200] "GET /server-status?auto HTTP/1.1" 200 441 "-" "libwww-perl/5.836"
students.alx.pl:80 localhost - - [22/Jun/2014:18:20:12 +0200] "GET /server-status?auto HTTP/1.1" 200 441 "-" "libwww-perl/5.836"
students.alx.pl:80 localhost - - [22/Jun/2014:18:20:14 +0200] "GET /server-status?auto HTTP/1.1" 200 441 "-" "libwww-perl/5.836"
students.alx.pl:80 localhost - - [22/Jun/2014:18:20:14 +0200] "GET /server-status?auto HTTP/1.1" 200 441 "-" "libwww-perl/5.836"
students.alx.pl:80 193.22.169.147 - - [22/Jun/2014:18:21:42 +0200] "GET / HTTP/1.1" 200 1002 "-" "check_http/v1.4.15 (nagios-plugins 1.4.15)"
students.alx.pl:80 193.22.169.147 - - [22/Jun/2014:18:21:42 +0200] "GET / HTTP/1.1" 200 1002 "-" "check_http/v1.4.15 (nagios-plugins 1.4.15)"
students.alx.pl:80 localhost - - [22/Jun/2014:18:25:03 +0200] "GET /server-status?auto HTTP/1.1" 200 440 "-" "libwww-perl/5.836"
students.alx.pl:80 localhost - - [22/Jun/2014:18:25:03 +0200] "GET /server-status?auto HTTP/1.1" 200 440 "-" "libwww-perl/5.836"
students.alx.pl:80 localhost - - [22/Jun/2014:18:25:12 +0200] "GET /server-status?auto HTTP/1.1" 200 441 "-" "libwww-perl/5.836"
students.alx.pl:80 localhost - - [22/Jun/2014:18:25:12 +0200] "GET /server-status?auto HTTP/1.1" 200 441 "-" "libwww-perl/5.836"
students.alx.pl:80 localhost - - [22/Jun/2014:18:25:14 +0200] "GET /server-status?auto HTTP/1.1" 200 441 "-" "libwww-perl/5.836"
students.alx.pl:80 localhost - - [22/Jun/2014:18:25:14 +0200] "GET /server-status?auto HTTP/1.1" 200 441 "-" "libwww-perl/5.836"
students.alx.pl:80 193.22.169.147 - - [22/Jun/2014:18:26:42 +0200] "GET / HTTP/1.1" 200 1002 "-" "check_http/v1.4.15 (nagios-plugins 1.4.15)"
students.alx.pl:80 193.22.169.147 - - [22/Jun/2014:18:26:42 +0200] "GET / HTTP/1.1" 200 1002 "-" "check_http/v1.4.15 (nagios-plugins 1.4.15)"
students.alx.pl:80 localhost - - [22/Jun/2014:18:30:04 +0200] "GET /server-status?auto HTTP/1.1" 200 441 "-" "libwww-perl/5.836"
students.alx.pl:80 localhost - - [22/Jun/2014:18:30:04 +0200] "GET /server-status?auto HTTP/1.1" 200 441 "-" "libwww-perl/5.836"
students.alx.pl:80 localhost - - [22/Jun/2014:18:30:14 +0200] "GET /server-status?auto HTTP/1.1" 200 440 "-" "libwww-perl/5.836"
students.alx.pl:80 localhost - - [22/Jun/2014:18:30:14 +0200] "GET /server-status?auto HTTP/1.1" 200 440 "-" "libwww-perl/5.836"
students.alx.pl:80 localhost - - [22/Jun/2014:18:30:16 +0200] "GET /server-status?auto HTTP/1.1" 200 441 "-" "libwww-perl/5.836"
students.alx.pl:80 localhost - - [22/Jun/2014:18:30:16 +0200] "GET /server-status?auto HTTP/1.1" 200 441 "-" "libwww-perl/5.836"
students.alx.pl:80 193.22.169.147 - - [22/Jun/2014:18:31:42 +0200] "GET / HTTP/1.1" 200 1002 "-" "check_http/v1.4.15 (nagios-plugins 1.4.15)"
students.alx.pl:80 193.22.169.147 - - [22/Jun/2014:18:31:42 +0200] "GET / HTTP/1.1" 200 1002 "-" "check_http/v1.4.15 (nagios-plugins 1.4.15)"
students.alx.pl:80 localhost - - [22/Jun/2014:18:35:03 +0200] "GET /server-status?auto HTTP/1.1" 200 440 "-" "libwww-perl/5.836"
students.alx.pl:80 localhost - - [22/Jun/2014:18:35:03 +0200] "GET /server-status?auto HTTP/1.1" 200 440 "-" "libwww-perl/5.836"
students.alx.pl:80 localhost - - [22/Jun/2014:18:35:12 +0200] "GET /server-status?auto HTTP/1.1" 200 441 "-" "libwww-perl/5.836"
students.alx.pl:80 localhost - - [22/Jun/2014:18:35:12 +0200] "GET /server-status?auto HTTP/1.1" 200 441 "-" "libwww-perl/5.836"
students.alx.pl:80 localhost - - [22/Jun/2014:18:35:14 +0200] "GET /server-status?auto HTTP/1.1" 200 439 "-" "libwww-perl/5.836"
students.alx.pl:80 localhost - - [22/Jun/2014:18:35:14 +0200] "GET /server-status?auto HTTP/1.1" 200 439 "-" "libwww-perl/5.836"
students.alx.pl:80 193.22.169.147 - - [22/Jun/2014:18:36:42 +0200] "GET / HTTP/1.1" 200 1002 "-" "check_http/v1.4.15 (nagios-plugins 1.4.15)"
students.alx.pl:80 193.22.169.147 - - [22/Jun/2014:18:36:42 +0200] "GET / HTTP/1.1" 200 1002 "-" "check_http/v1.4.15 (nagios-plugins 1.4.15)"
students.alx.pl:80 localhost - - [22/Jun/2014:18:40:04 +0200] "GET /server-status?auto HTTP/1.1" 200 441 "-" "libwww-perl/5.836"
students.alx.pl:80 localhost - - [22/Jun/2014:18:40:04 +0200] "GET /server-status?auto HTTP/1.1" 200 441 "-" "libwww-perl/5.836"
students.alx.pl:80 localhost - - [22/Jun/2014:18:40:12 +0200] "GET /server-status?auto HTTP/1.1" 200 441 "-" "libwww-perl/5.836"
students.alx.pl:80 localhost - - [22/Jun/2014:18:40:12 +0200] "GET /server-status?auto HTTP/1.1" 200 441 "-" "libwww-perl/5.836"
students.alx.pl:80 180.76.6.145 - - [22/Jun/2014:18:40:14 +0200] "GET /zawodnicy/application/?C=M;O=A HTTP/1.1" 200 1785 "-" "Mozilla/5.0 (compatible; Baiduspider/2.0; +http://www.baidu.com/search/spider.html)"
students.alx.pl:80 180.76.6.145 - - [22/Jun/2014:18:40:14 +0200] "GET /zawodnicy/application/?C=M;O=A HTTP/1.1" 200 1785 "-" "Mozilla/5.0 (compatible; Baiduspider/2.0; +http://www.baidu.com/search/spider.html)"
students.alx.pl:80 localhost - - [22/Jun/2014:18:40:14 +0200] "GET /server-status?auto HTTP/1.1" 200 440 "-" "libwww-perl/5.836"
students.alx.pl:80 localhost - - [22/Jun/2014:18:40:14 +0200] "GET /server-status?auto HTTP/1.1" 200 440 "-" "libwww-perl/5.836"
students.alx.pl:80 193.22.169.147 - - [22/Jun/2014:18:41:42 +0200] "GET / HTTP/1.1" 200 1002 "-" "check_http/v1.4.15 (nagios-plugins 1.4.15)"
students.alx.pl:80 193.22.169.147 - - [22/Jun/2014:18:41:42 +0200] "GET / HTTP/1.1" 200 1002 "-" "check_http/v1.4.15 (nagios-plugins 1.4.15)"
students.alx.pl:80 localhost - - [22/Jun/2014:18:45:04 +0200] "GET /server-status?auto HTTP/1.1" 200 441 "-" "libwww-perl/5.836"
students.alx.pl:80 localhost - - [22/Jun/2014:18:45:04 +0200] "GET /server-status?auto HTTP/1.1" 200 441 "-" "libwww-perl/5.836"
students.alx.pl:80 localhost - - [22/Jun/2014:18:45:12 +0200] "GET /server-status?auto HTTP/1.1" 200 441 "-" "libwww-perl/5.836"
students.alx.pl:80 localhost - - [22/Jun/2014:18:45:12 +0200] "GET /server-status?auto HTTP/1.1" 200 441 "-" "libwww-perl/5.836"
students.alx.pl:80 localhost - - [22/Jun/2014:18:45:14 +0200] "GET /server-status?auto HTTP/1.1" 200 439 "-" "libwww-perl/5.836"
students.alx.pl:80 localhost - - [22/Jun/2014:18:45:14 +0200] "GET /server-status?auto HTTP/1.1" 200 439 "-" "libwww-perl/5.836"
students.alx.pl:80 193.22.169.147 - - [22/Jun/2014:18:46:42 +0200] "GET / HTTP/1.1" 200 1002 "-" "check_http/v1.4.15 (nagios-plugins 1.4.15)"
students.alx.pl:80 193.22.169.147 - - [22/Jun/2014:18:46:42 +0200] "GET / HTTP/1.1" 200 1002 "-" "check_http/v1.4.15 (nagios-plugins 1.4.15)"
students.alx.pl:80 localhost - - [22/Jun/2014:18:50:03 +0200] "GET /server-status?auto HTTP/1.1" 200 441 "-" "libwww-perl/5.836"
students.alx.pl:80 localhost - - [22/Jun/2014:18:50:03 +0200] "GET /server-status?auto HTTP/1.1" 200 441 "-" "libwww-perl/5.836"
students.alx.pl:80 localhost - - [22/Jun/2014:18:50:12 +0200] "GET /server-status?auto HTTP/1.1" 200 441 "-" "libwww-perl/5.836"
students.alx.pl:80 localhost - - [22/Jun/2014:18:50:12 +0200] "GET /server-status?auto HTTP/1.1" 200 441 "-" "libwww-perl/5.836"
students.alx.pl:80 localhost - - [22/Jun/2014:18:50:13 +0200] "GET /server-status?auto HTTP/1.1" 200 440 "-" "libwww-perl/5.836"
students.alx.pl:80 localhost - - [22/Jun/2014:18:50:13 +0200] "GET /server-status?auto HTTP/1.1" 200 440 "-" "libwww-perl/5.836"
students.alx.pl:80 188.146.100.198 - - [22/Jun/2014:18:51:05 +0200] "GET /~fdreger/www-static-tmp/joomla3.png HTTP/1.0" 200 138400 "http://www.alx.pl/szkolenia/cms-joomla/?gclid=CMbFmYWZg78CFdDLtAodsRMAnw" "Mozilla/5.0 (Windows NT 5.1; rv:30.0) Gecko/20100101 Firefox/30.0"
students.alx.pl:80 188.146.100.198 - - [22/Jun/2014:18:51:05 +0200] "GET /~fdreger/www-static-tmp/joomla3.png HTTP/1.0" 200 138400 "http://www.alx.pl/szkolenia/cms-joomla/?gclid=CMbFmYWZg78CFdDLtAodsRMAnw" "Mozilla/5.0 (Windows NT 5.1; rv:30.0) Gecko/20100101 Firefox/30.0"
students.alx.pl:80 188.146.100.198 - - [22/Jun/2014:18:51:05 +0200] "GET /~fdreger/www-static-tmp/joomla2.png HTTP/1.0" 200 144867 "http://www.alx.pl/szkolenia/cms-joomla/?gclid=CMbFmYWZg78CFdDLtAodsRMAnw" "Mozilla/5.0 (Windows NT 5.1; rv:30.0) Gecko/20100101 Firefox/30.0"
students.alx.pl:80 188.146.100.198 - - [22/Jun/2014:18:51:05 +0200] "GET /~fdreger/www-static-tmp/joomla2.png HTTP/1.0" 200 144867 "http://www.alx.pl/szkolenia/cms-joomla/?gclid=CMbFmYWZg78CFdDLtAodsRMAnw" "Mozilla/5.0 (Windows NT 5.1; rv:30.0) Gecko/20100101 Firefox/30.0"
students.alx.pl:80 193.22.169.147 - - [22/Jun/2014:18:51:42 +0200] "GET / HTTP/1.1" 200 1002 "-" "check_http/v1.4.15 (nagios-plugins 1.4.15)"
students.alx.pl:80 193.22.169.147 - - [22/Jun/2014:18:51:42 +0200] "GET / HTTP/1.1" 200 1002 "-" "check_http/v1.4.15 (nagios-plugins 1.4.15)"
students.alx.pl:80 localhost - - [22/Jun/2014:18:55:03 +0200] "GET /server-status?auto HTTP/1.1" 200 441 "-" "libwww-perl/5.836"
students.alx.pl:80 localhost - - [22/Jun/2014:18:55:03 +0200] "GET /server-status?auto HTTP/1.1" 200 441 "-" "libwww-perl/5.836"
students.alx.pl:80 localhost - - [22/Jun/2014:18:55:13 +0200] "GET /server-status?auto HTTP/1.1" 200 440 "-" "libwww-perl/5.836"
students.alx.pl:80 localhost - - [22/Jun/2014:18:55:13 +0200] "GET /server-status?auto HTTP/1.1" 200 440 "-" "libwww-perl/5.836"
students.alx.pl:80 localhost - - [22/Jun/2014:18:55:15 +0200] "GET /server-status?auto HTTP/1.1" 200 441 "-" "libwww-perl/5.836"
students.alx.pl:80 localhost - - [22/Jun/2014:18:55:15 +0200] "GET /server-status?auto HTTP/1.1" 200 441 "-" "libwww-perl/5.836"
students.alx.pl:80 79.184.77.97 - - [22/Jun/2014:18:56:02 +0200] "GET /~fdreger/www-static-tmp/game.png HTTP/1.1" 200 29306 "http://www.alx.pl/szkolenia/android-opengl/" "Mozilla/5.0 (X11; Linux i686) AppleWebKit/537.36 (KHTML, like Gecko) Chrome/35.0.1916.153 Safari/537.36"
students.alx.pl:80 79.184.77.97 - - [22/Jun/2014:18:56:02 +0200] "GET /~fdreger/www-static-tmp/game.png HTTP/1.1" 200 29306 "http://www.alx.pl/szkolenia/android-opengl/" "Mozilla/5.0 (X11; Linux i686) AppleWebKit/537.36 (KHTML, like Gecko) Chrome/35.0.1916.153 Safari/537.36"
students.alx.pl:80 193.22.169.147 - - [22/Jun/2014:18:56:42 +0200] "GET / HTTP/1.1" 200 1002 "-" "check_http/v1.4.15 (nagios-plugins 1.4.15)"
students.alx.pl:80 193.22.169.147 - - [22/Jun/2014:18:56:42 +0200] "GET / HTTP/1.1" 200 1002 "-" "check_http/v1.4.15 (nagios-plugins 1.4.15)"
students.alx.pl:80 localhost - - [22/Jun/2014:19:00:04 +0200] "GET /server-status?auto HTTP/1.1" 200 440 "-" "libwww-perl/5.836"
students.alx.pl:80 localhost - - [22/Jun/2014:19:00:04 +0200] "GET /server-status?auto HTTP/1.1" 200 440 "-" "libwww-perl/5.836"
students.alx.pl:80 localhost - - [22/Jun/2014:19:00:14 +0200] "GET /server-status?auto HTTP/1.1" 200 441 "-" "libwww-perl/5.836"
students.alx.pl:80 localhost - - [22/Jun/2014:19:00:14 +0200] "GET /server-status?auto HTTP/1.1" 200 441 "-" "libwww-perl/5.836"
students.alx.pl:80 localhost - - [22/Jun/2014:19:00:16 +0200] "GET /server-status?auto HTTP/1.1" 200 441 "-" "libwww-perl/5.836"
students.alx.pl:80 localhost - - [22/Jun/2014:19:00:16 +0200] "GET /server-status?auto HTTP/1.1" 200 441 "-" "libwww-perl/5.836"
students.alx.pl:80 193.22.169.147 - - [22/Jun/2014:19:01:42 +0200] "GET / HTTP/1.1" 200 1002 "-" "check_http/v1.4.15 (nagios-plugins 1.4.15)"
students.alx.pl:80 193.22.169.147 - - [22/Jun/2014:19:01:42 +0200] "GET / HTTP/1.1" 200 1002 "-" "check_http/v1.4.15 (nagios-plugins 1.4.15)"
students.alx.pl:80 79.184.16.119 - - [22/Jun/2014:19:02:32 +0200] "GET /favicon.ico HTTP/1.1" 404 290 "-" "Mozilla/5.0 (Windows NT 5.1; rv:30.0) Gecko/20100101 Firefox/30.0"
students.alx.pl:80 79.184.16.119 - - [22/Jun/2014:19:02:32 +0200] "GET /favicon.ico HTTP/1.1" 404 290 "-" "Mozilla/5.0 (Windows NT 5.1; rv:30.0) Gecko/20100101 Firefox/30.0"
students.alx.pl:80 localhost - - [22/Jun/2014:19:05:03 +0200] "GET /server-status?auto HTTP/1.1" 200 440 "-" "libwww-perl/5.836"
students.alx.pl:80 localhost - - [22/Jun/2014:19:05:03 +0200] "GET /server-status?auto HTTP/1.1" 200 440 "-" "libwww-perl/5.836"
students.alx.pl:80 localhost - - [22/Jun/2014:19:05:12 +0200] "GET /server-status?auto HTTP/1.1" 200 440 "-" "libwww-perl/5.836"
students.alx.pl:80 localhost - - [22/Jun/2014:19:05:12 +0200] "GET /server-status?auto HTTP/1.1" 200 440 "-" "libwww-perl/5.836"
students.alx.pl:80 localhost - - [22/Jun/2014:19:05:14 +0200] "GET /server-status?auto HTTP/1.1" 200 441 "-" "libwww-perl/5.836"
students.alx.pl:80 localhost - - [22/Jun/2014:19:05:14 +0200] "GET /server-status?auto HTTP/1.1" 200 441 "-" "libwww-perl/5.836"
students.alx.pl:80 193.22.169.147 - - [22/Jun/2014:19:06:42 +0200] "GET / HTTP/1.1" 200 1002 "-" "check_http/v1.4.15 (nagios-plugins 1.4.15)"
students.alx.pl:80 193.22.169.147 - - [22/Jun/2014:19:06:42 +0200] "GET / HTTP/1.1" 200 1002 "-" "check_http/v1.4.15 (nagios-plugins 1.4.15)"
students.alx.pl:80 localhost - - [22/Jun/2014:19:10:04 +0200] "GET /server-status?auto HTTP/1.1" 200 440 "-" "libwww-perl/5.836"
students.alx.pl:80 localhost - - [22/Jun/2014:19:10:04 +0200] "GET /server-status?auto HTTP/1.1" 200 440 "-" "libwww-perl/5.836"
students.alx.pl:80 66.249.79.83 - - [22/Jun/2014:19:10:12 +0200] "GET /~aczernicki/20130507/libs/SmartyBC.class.php HTTP/1.1" 200 - "-" "Mozilla/5.0 (compatible; Googlebot/2.1; +http://www.google.com/bot.html)"
students.alx.pl:80 66.249.79.83 - - [22/Jun/2014:19:10:12 +0200] "GET /~aczernicki/20130507/libs/SmartyBC.class.php HTTP/1.1" 200 - "-" "Mozilla/5.0 (compatible; Googlebot/2.1; +http://www.google.com/bot.html)"
students.alx.pl:80 localhost - - [22/Jun/2014:19:10:13 +0200] "GET /server-status?auto HTTP/1.1" 200 441 "-" "libwww-perl/5.836"
students.alx.pl:80 localhost - - [22/Jun/2014:19:10:13 +0200] "GET /server-status?auto HTTP/1.1" 200 441 "-" "libwww-perl/5.836"
students.alx.pl:80 localhost - - [22/Jun/2014:19:10:14 +0200] "GET /server-status?auto HTTP/1.1" 200 439 "-" "libwww-perl/5.836"
students.alx.pl:80 localhost - - [22/Jun/2014:19:10:14 +0200] "GET /server-status?auto HTTP/1.1" 200 439 "-" "libwww-perl/5.836"
students.alx.pl:80 202.46.49.74 - - [22/Jun/2014:19:10:51 +0200] "GET / HTTP/1.1" 200 3730 "-" "Mozilla/4.0 (compatible; MSIE 7.0; Windows NT 6.0)"
students.alx.pl:80 202.46.49.74 - - [22/Jun/2014:19:10:51 +0200] "GET / HTTP/1.1" 200 3730 "-" "Mozilla/4.0 (compatible; MSIE 7.0; Windows NT 6.0)"
students.alx.pl:80 193.22.169.147 - - [22/Jun/2014:19:11:42 +0200] "GET / HTTP/1.1" 200 1002 "-" "check_http/v1.4.15 (nagios-plugins 1.4.15)"
students.alx.pl:80 193.22.169.147 - - [22/Jun/2014:19:11:42 +0200] "GET / HTTP/1.1" 200 1002 "-" "check_http/v1.4.15 (nagios-plugins 1.4.15)"
students.alx.pl:80 119.63.193.131 - - [22/Jun/2014:19:12:20 +0200] "GET / HTTP/1.1" 200 3730 "-" "Mozilla/4.0 (compatible; MSIE 7.0; Windows NT 6.0)"
students.alx.pl:80 119.63.193.131 - - [22/Jun/2014:19:12:20 +0200] "GET / HTTP/1.1" 200 3730 "-" "Mozilla/4.0 (compatible; MSIE 7.0; Windows NT 6.0)"
students.alx.pl:80 79.184.16.119 - - [22/Jun/2014:19:13:33 +0200] "GET /~fdreger/20140407js/ HTTP/1.1" 200 1953 "-" "Mozilla/5.0 (Windows NT 5.1; rv:30.0) Gecko/20100101 Firefox/30.0"
students.alx.pl:80 79.184.16.119 - - [22/Jun/2014:19:13:33 +0200] "GET /~fdreger/20140407js/ HTTP/1.1" 200 1953 "-" "Mozilla/5.0 (Windows NT 5.1; rv:30.0) Gecko/20100101 Firefox/30.0"
students.alx.pl:80 79.184.16.119 - - [22/Jun/2014:19:13:33 +0200] "GET /icons/blank.gif HTTP/1.1" 304 - "http://students.alx.pl/~fdreger/20140407js/" "Mozilla/5.0 (Windows NT 5.1; rv:30.0) Gecko/20100101 Firefox/30.0"
students.alx.pl:80 79.184.16.119 - - [22/Jun/2014:19:13:33 +0200] "GET /icons/blank.gif HTTP/1.1" 304 - "http://students.alx.pl/~fdreger/20140407js/" "Mozilla/5.0 (Windows NT 5.1; rv:30.0) Gecko/20100101 Firefox/30.0"
students.alx.pl:80 79.184.16.119 - - [22/Jun/2014:19:13:33 +0200] "GET /icons/back.gif HTTP/1.1" 304 - "http://students.alx.pl/~fdreger/20140407js/" "Mozilla/5.0 (Windows NT 5.1; rv:30.0) Gecko/20100101 Firefox/30.0"
students.alx.pl:80 79.184.16.119 - - [22/Jun/2014:19:13:33 +0200] "GET /icons/back.gif HTTP/1.1" 304 - "http://students.alx.pl/~fdreger/20140407js/" "Mozilla/5.0 (Windows NT 5.1; rv:30.0) Gecko/20100101 Firefox/30.0"
students.alx.pl:80 79.184.16.119 - - [22/Jun/2014:19:13:33 +0200] "GET /icons/text.gif HTTP/1.1" 304 - "http://students.alx.pl/~fdreger/20140407js/" "Mozilla/5.0 (Windows NT 5.1; rv:30.0) Gecko/20100101 Firefox/30.0"
students.alx.pl:80 79.184.16.119 - - [22/Jun/2014:19:13:33 +0200] "GET /icons/text.gif HTTP/1.1" 304 - "http://students.alx.pl/~fdreger/20140407js/" "Mozilla/5.0 (Windows NT 5.1; rv:30.0) Gecko/20100101 Firefox/30.0"
students.alx.pl:80 localhost - - [22/Jun/2014:19:15:03 +0200] "GET /server-status?auto HTTP/1.1" 200 440 "-" "libwww-perl/5.836"
students.alx.pl:80 localhost - - [22/Jun/2014:19:15:03 +0200] "GET /server-status?auto HTTP/1.1" 200 440 "-" "libwww-perl/5.836"
students.alx.pl:80 localhost - - [22/Jun/2014:19:15:12 +0200] "GET /server-status?auto HTTP/1.1" 200 441 "-" "libwww-perl/5.836"
students.alx.pl:80 localhost - - [22/Jun/2014:19:15:12 +0200] "GET /server-status?auto HTTP/1.1" 200 441 "-" "libwww-perl/5.836"
students.alx.pl:80 localhost - - [22/Jun/2014:19:15:14 +0200] "GET /server-status?auto HTTP/1.1" 200 441 "-" "libwww-perl/5.836"
students.alx.pl:80 localhost - - [22/Jun/2014:19:15:14 +0200] "GET /server-status?auto HTTP/1.1" 200 441 "-" "libwww-perl/5.836"
students.alx.pl:80 193.22.169.147 - - [22/Jun/2014:19:16:42 +0200] "GET / HTTP/1.1" 200 1002 "-" "check_http/v1.4.15 (nagios-plugins 1.4.15)"
students.alx.pl:80 193.22.169.147 - - [22/Jun/2014:19:16:42 +0200] "GET / HTTP/1.1" 200 1002 "-" "check_http/v1.4.15 (nagios-plugins 1.4.15)"
students.alx.pl:80 localhost - - [22/Jun/2014:19:20:03 +0200] "GET /server-status?auto HTTP/1.1" 200 440 "-" "libwww-perl/5.836"
students.alx.pl:80 localhost - - [22/Jun/2014:19:20:03 +0200] "GET /server-status?auto HTTP/1.1" 200 440 "-" "libwww-perl/5.836"
students.alx.pl:80 localhost - - [22/Jun/2014:19:20:12 +0200] "GET /server-status?auto HTTP/1.1" 200 441 "-" "libwww-perl/5.836"
students.alx.pl:80 localhost - - [22/Jun/2014:19:20:12 +0200] "GET /server-status?auto HTTP/1.1" 200 441 "-" "libwww-perl/5.836"
students.alx.pl:80 localhost - - [22/Jun/2014:19:20:14 +0200] "GET /server-status?auto HTTP/1.1" 200 441 "-" "libwww-perl/5.836"
students.alx.pl:80 localhost - - [22/Jun/2014:19:20:14 +0200] "GET /server-status?auto HTTP/1.1" 200 441 "-" "libwww-perl/5.836"
students.alx.pl:80 193.22.169.147 - - [22/Jun/2014:19:21:42 +0200] "GET / HTTP/1.1" 200 1002 "-" "check_http/v1.4.15 (nagios-plugins 1.4.15)"
students.alx.pl:80 193.22.169.147 - - [22/Jun/2014:19:21:42 +0200] "GET / HTTP/1.1" 200 1002 "-" "check_http/v1.4.15 (nagios-plugins 1.4.15)"
students.alx.pl:80 localhost - - [22/Jun/2014:19:25:03 +0200] "GET /server-status?auto HTTP/1.1" 200 439 "-" "libwww-perl/5.836"
students.alx.pl:80 localhost - - [22/Jun/2014:19:25:03 +0200] "GET /server-status?auto HTTP/1.1" 200 439 "-" "libwww-perl/5.836"
students.alx.pl:80 localhost - - [22/Jun/2014:19:25:12 +0200] "GET /server-status?auto HTTP/1.1" 200 441 "-" "libwww-perl/5.836"
students.alx.pl:80 localhost - - [22/Jun/2014:19:25:12 +0200] "GET /server-status?auto HTTP/1.1" 200 441 "-" "libwww-perl/5.836"
students.alx.pl:80 localhost - - [22/Jun/2014:19:25:14 +0200] "GET /server-status?auto HTTP/1.1" 200 441 "-" "libwww-perl/5.836"
students.alx.pl:80 localhost - - [22/Jun/2014:19:25:14 +0200] "GET /server-status?auto HTTP/1.1" 200 441 "-" "libwww-perl/5.836"
students.alx.pl:80 180.76.5.80 - - [22/Jun/2014:19:26:25 +0200] "GET /obrazki/?C=M;O=D HTTP/1.1" 200 1344 "-" "Mozilla/5.0 (compatible; Baiduspider/2.0; +http://www.baidu.com/search/spider.html)"
students.alx.pl:80 180.76.5.80 - - [22/Jun/2014:19:26:25 +0200] "GET /obrazki/?C=M;O=D HTTP/1.1" 200 1344 "-" "Mozilla/5.0 (compatible; Baiduspider/2.0; +http://www.baidu.com/search/spider.html)"
students.alx.pl:80 193.22.169.147 - - [22/Jun/2014:19:26:42 +0200] "GET / HTTP/1.1" 200 1002 "-" "check_http/v1.4.15 (nagios-plugins 1.4.15)"
students.alx.pl:80 193.22.169.147 - - [22/Jun/2014:19:26:42 +0200] "GET / HTTP/1.1" 200 1002 "-" "check_http/v1.4.15 (nagios-plugins 1.4.15)"
students.alx.pl:80 localhost - - [22/Jun/2014:19:30:04 +0200] "GET /server-status?auto HTTP/1.1" 200 441 "-" "libwww-perl/5.836"
students.alx.pl:80 localhost - - [22/Jun/2014:19:30:04 +0200] "GET /server-status?auto HTTP/1.1" 200 441 "-" "libwww-perl/5.836"
students.alx.pl:80 localhost - - [22/Jun/2014:19:30:14 +0200] "GET /server-status?auto HTTP/1.1" 200 441 "-" "libwww-perl/5.836"
students.alx.pl:80 localhost - - [22/Jun/2014:19:30:14 +0200] "GET /server-status?auto HTTP/1.1" 200 441 "-" "libwww-perl/5.836"
students.alx.pl:80 localhost - - [22/Jun/2014:19:30:16 +0200] "GET /server-status?auto HTTP/1.1" 200 441 "-" "libwww-perl/5.836"
students.alx.pl:80 localhost - - [22/Jun/2014:19:30:16 +0200] "GET /server-status?auto HTTP/1.1" 200 441 "-" "libwww-perl/5.836"
students.alx.pl:80 193.22.169.147 - - [22/Jun/2014:19:31:42 +0200] "GET / HTTP/1.1" 200 1002 "-" "check_http/v1.4.15 (nagios-plugins 1.4.15)"
students.alx.pl:80 193.22.169.147 - - [22/Jun/2014:19:31:42 +0200] "GET / HTTP/1.1" 200 1002 "-" "check_http/v1.4.15 (nagios-plugins 1.4.15)"
students.alx.pl:80 localhost - - [22/Jun/2014:19:35:04 +0200] "GET /server-status?auto HTTP/1.1" 200 441 "-" "libwww-perl/5.836"
students.alx.pl:80 localhost - - [22/Jun/2014:19:35:04 +0200] "GET /server-status?auto HTTP/1.1" 200 441 "-" "libwww-perl/5.836"
students.alx.pl:80 localhost - - [22/Jun/2014:19:35:13 +0200] "GET /server-status?auto HTTP/1.1" 200 441 "-" "libwww-perl/5.836"
students.alx.pl:80 localhost - - [22/Jun/2014:19:35:13 +0200] "GET /server-status?auto HTTP/1.1" 200 441 "-" "libwww-perl/5.836"
students.alx.pl:80 localhost - - [22/Jun/2014:19:35:14 +0200] "GET /server-status?auto HTTP/1.1" 200 439 "-" "libwww-perl/5.836"
students.alx.pl:80 localhost - - [22/Jun/2014:19:35:14 +0200] "GET /server-status?auto HTTP/1.1" 200 439 "-" "libwww-perl/5.836"
students.alx.pl:80 193.22.169.147 - - [22/Jun/2014:19:36:42 +0200] "GET / HTTP/1.1" 200 1002 "-" "check_http/v1.4.15 (nagios-plugins 1.4.15)"
students.alx.pl:80 193.22.169.147 - - [22/Jun/2014:19:36:42 +0200] "GET / HTTP/1.1" 200 1002 "-" "check_http/v1.4.15 (nagios-plugins 1.4.15)"
students.alx.pl:80 localhost - - [22/Jun/2014:19:40:04 +0200] "GET /server-status?auto HTTP/1.1" 200 440 "-" "libwww-perl/5.836"
students.alx.pl:80 localhost - - [22/Jun/2014:19:40:04 +0200] "GET /server-status?auto HTTP/1.1" 200 440 "-" "libwww-perl/5.836"
students.alx.pl:80 localhost - - [22/Jun/2014:19:40:13 +0200] "GET /server-status?auto HTTP/1.1" 200 441 "-" "libwww-perl/5.836"
students.alx.pl:80 localhost - - [22/Jun/2014:19:40:13 +0200] "GET /server-status?auto HTTP/1.1" 200 441 "-" "libwww-perl/5.836"
students.alx.pl:80 localhost - - [22/Jun/2014:19:40:15 +0200] "GET /server-status?auto HTTP/1.1" 200 436 "-" "libwww-perl/5.836"
students.alx.pl:80 localhost - - [22/Jun/2014:19:40:15 +0200] "GET /server-status?auto HTTP/1.1" 200 436 "-" "libwww-perl/5.836"
students.alx.pl:80 180.76.6.140 - - [22/Jun/2014:19:41:25 +0200] "GET /zawodnicy/application/?C=D;O=A HTTP/1.1" 200 1785 "-" "Mozilla/5.0 (compatible; Baiduspider/2.0; +http://www.baidu.com/search/spider.html)"
students.alx.pl:80 180.76.6.140 - - [22/Jun/2014:19:41:25 +0200] "GET /zawodnicy/application/?C=D;O=A HTTP/1.1" 200 1785 "-" "Mozilla/5.0 (compatible; Baiduspider/2.0; +http://www.baidu.com/search/spider.html)"
students.alx.pl:80 193.22.169.147 - - [22/Jun/2014:19:41:42 +0200] "GET / HTTP/1.1" 200 1002 "-" "check_http/v1.4.15 (nagios-plugins 1.4.15)"
students.alx.pl:80 193.22.169.147 - - [22/Jun/2014:19:41:42 +0200] "GET / HTTP/1.1" 200 1002 "-" "check_http/v1.4.15 (nagios-plugins 1.4.15)"
students.alx.pl:80 89.70.181.243 - - [22/Jun/2014:19:41:42 +0200] "GET / HTTP/1.1" 200 3958 "-" "Mozilla/5.0 (Windows NT 6.3; WOW64; rv:30.0) Gecko/20100101 Firefox/30.0"
students.alx.pl:80 89.70.181.243 - - [22/Jun/2014:19:41:42 +0200] "GET / HTTP/1.1" 200 3958 "-" "Mozilla/5.0 (Windows NT 6.3; WOW64; rv:30.0) Gecko/20100101 Firefox/30.0"
students.alx.pl:80 89.70.181.243 - - [22/Jun/2014:19:41:42 +0200] "GET /icons/blank.gif HTTP/1.1" 200 148 "http://pkijanowski.students.alx.pl/" "Mozilla/5.0 (Windows NT 6.3; WOW64; rv:30.0) Gecko/20100101 Firefox/30.0"
students.alx.pl:80 89.70.181.243 - - [22/Jun/2014:19:41:42 +0200] "GET /icons/blank.gif HTTP/1.1" 200 148 "http://pkijanowski.students.alx.pl/" "Mozilla/5.0 (Windows NT 6.3; WOW64; rv:30.0) Gecko/20100101 Firefox/30.0"
students.alx.pl:80 89.70.181.243 - - [22/Jun/2014:19:41:42 +0200] "GET /icons/back.gif HTTP/1.1" 200 216 "http://pkijanowski.students.alx.pl/" "Mozilla/5.0 (Windows NT 6.3; WOW64; rv:30.0) Gecko/20100101 Firefox/30.0"
students.alx.pl:80 89.70.181.243 - - [22/Jun/2014:19:41:42 +0200] "GET /icons/back.gif HTTP/1.1" 200 216 "http://pkijanowski.students.alx.pl/" "Mozilla/5.0 (Windows NT 6.3; WOW64; rv:30.0) Gecko/20100101 Firefox/30.0"
students.alx.pl:80 89.70.181.243 - - [22/Jun/2014:19:41:42 +0200] "GET /icons/folder.gif HTTP/1.1" 200 225 "http://pkijanowski.students.alx.pl/" "Mozilla/5.0 (Windows NT 6.3; WOW64; rv:30.0) Gecko/20100101 Firefox/30.0"
students.alx.pl:80 89.70.181.243 - - [22/Jun/2014:19:41:42 +0200] "GET /icons/folder.gif HTTP/1.1" 200 225 "http://pkijanowski.students.alx.pl/" "Mozilla/5.0 (Windows NT 6.3; WOW64; rv:30.0) Gecko/20100101 Firefox/30.0"
students.alx.pl:80 89.70.181.243 - - [22/Jun/2014:19:41:42 +0200] "GET /icons/unknown.gif HTTP/1.1" 200 245 "http://pkijanowski.students.alx.pl/" "Mozilla/5.0 (Windows NT 6.3; WOW64; rv:30.0) Gecko/20100101 Firefox/30.0"
students.alx.pl:80 89.70.181.243 - - [22/Jun/2014:19:41:42 +0200] "GET /icons/unknown.gif HTTP/1.1" 200 245 "http://pkijanowski.students.alx.pl/" "Mozilla/5.0 (Windows NT 6.3; WOW64; rv:30.0) Gecko/20100101 Firefox/30.0"
students.alx.pl:80 localhost - - [22/Jun/2014:19:45:03 +0200] "GET /server-status?auto HTTP/1.1" 200 441 "-" "libwww-perl/5.836"
students.alx.pl:80 localhost - - [22/Jun/2014:19:45:03 +0200] "GET /server-status?auto HTTP/1.1" 200 441 "-" "libwww-perl/5.836"
students.alx.pl:80 localhost - - [22/Jun/2014:19:45:14 +0200] "GET /server-status?auto HTTP/1.1" 200 441 "-" "libwww-perl/5.836"
students.alx.pl:80 localhost - - [22/Jun/2014:19:45:14 +0200] "GET /server-status?auto HTTP/1.1" 200 441 "-" "libwww-perl/5.836"
students.alx.pl:80 localhost - - [22/Jun/2014:19:45:15 +0200] "GET /server-status?auto HTTP/1.1" 200 440 "-" "libwww-perl/5.836"
students.alx.pl:80 localhost - - [22/Jun/2014:19:45:15 +0200] "GET /server-status?auto HTTP/1.1" 200 440 "-" "libwww-perl/5.836"
students.alx.pl:80 193.22.169.147 - - [22/Jun/2014:19:46:42 +0200] "GET / HTTP/1.1" 200 1002 "-" "check_http/v1.4.15 (nagios-plugins 1.4.15)"
students.alx.pl:80 193.22.169.147 - - [22/Jun/2014:19:46:42 +0200] "GET / HTTP/1.1" 200 1002 "-" "check_http/v1.4.15 (nagios-plugins 1.4.15)"
students.alx.pl:80 localhost - - [22/Jun/2014:19:50:03 +0200] "GET /server-status?auto HTTP/1.1" 200 441 "-" "libwww-perl/5.836"
students.alx.pl:80 localhost - - [22/Jun/2014:19:50:03 +0200] "GET /server-status?auto HTTP/1.1" 200 441 "-" "libwww-perl/5.836"
students.alx.pl:80 localhost - - [22/Jun/2014:19:50:12 +0200] "GET /server-status?auto HTTP/1.1" 200 439 "-" "libwww-perl/5.836"
students.alx.pl:80 localhost - - [22/Jun/2014:19:50:12 +0200] "GET /server-status?auto HTTP/1.1" 200 439 "-" "libwww-perl/5.836"
students.alx.pl:80 localhost - - [22/Jun/2014:19:50:14 +0200] "GET /server-status?auto HTTP/1.1" 200 439 "-" "libwww-perl/5.836"
students.alx.pl:80 localhost - - [22/Jun/2014:19:50:14 +0200] "GET /server-status?auto HTTP/1.1" 200 439 "-" "libwww-perl/5.836"
students.alx.pl:80 193.22.169.147 - - [22/Jun/2014:19:51:42 +0200] "GET / HTTP/1.1" 200 1002 "-" "check_http/v1.4.15 (nagios-plugins 1.4.15)"
students.alx.pl:80 193.22.169.147 - - [22/Jun/2014:19:51:42 +0200] "GET / HTTP/1.1" 200 1002 "-" "check_http/v1.4.15 (nagios-plugins 1.4.15)"
students.alx.pl:80 localhost - - [22/Jun/2014:19:55:04 +0200] "GET /server-status?auto HTTP/1.1" 200 441 "-" "libwww-perl/5.836"
students.alx.pl:80 localhost - - [22/Jun/2014:19:55:04 +0200] "GET /server-status?auto HTTP/1.1" 200 441 "-" "libwww-perl/5.836"
students.alx.pl:80 localhost - - [22/Jun/2014:19:55:12 +0200] "GET /server-status?auto HTTP/1.1" 200 441 "-" "libwww-perl/5.836"
students.alx.pl:80 localhost - - [22/Jun/2014:19:55:12 +0200] "GET /server-status?auto HTTP/1.1" 200 441 "-" "libwww-perl/5.836"
students.alx.pl:80 localhost - - [22/Jun/2014:19:55:14 +0200] "GET /server-status?auto HTTP/1.1" 200 440 "-" "libwww-perl/5.836"
students.alx.pl:80 localhost - - [22/Jun/2014:19:55:14 +0200] "GET /server-status?auto HTTP/1.1" 200 440 "-" "libwww-perl/5.836"
students.alx.pl:80 193.22.169.147 - - [22/Jun/2014:19:56:42 +0200] "GET / HTTP/1.1" 200 1002 "-" "check_http/v1.4.15 (nagios-plugins 1.4.15)"
students.alx.pl:80 193.22.169.147 - - [22/Jun/2014:19:56:42 +0200] "GET / HTTP/1.1" 200 1002 "-" "check_http/v1.4.15 (nagios-plugins 1.4.15)"
students.alx.pl:80 localhost - - [22/Jun/2014:20:00:04 +0200] "GET /server-status?auto HTTP/1.1" 200 441 "-" "libwww-perl/5.836"
students.alx.pl:80 localhost - - [22/Jun/2014:20:00:04 +0200] "GET /server-status?auto HTTP/1.1" 200 441 "-" "libwww-perl/5.836"
students.alx.pl:80 localhost - - [22/Jun/2014:20:00:20 +0200] "GET /server-status?auto HTTP/1.1" 200 441 "-" "libwww-perl/5.836"
students.alx.pl:80 localhost - - [22/Jun/2014:20:00:20 +0200] "GET /server-status?auto HTTP/1.1" 200 441 "-" "libwww-perl/5.836"
students.alx.pl:80 localhost - - [22/Jun/2014:20:00:22 +0200] "GET /server-status?auto HTTP/1.1" 200 440 "-" "libwww-perl/5.836"
students.alx.pl:80 localhost - - [22/Jun/2014:20:00:22 +0200] "GET /server-status?auto HTTP/1.1" 200 440 "-" "libwww-perl/5.836"
students.alx.pl:80 193.22.169.147 - - [22/Jun/2014:20:01:42 +0200] "GET / HTTP/1.1" 200 1002 "-" "check_http/v1.4.15 (nagios-plugins 1.4.15)"
students.alx.pl:80 193.22.169.147 - - [22/Jun/2014:20:01:42 +0200] "GET / HTTP/1.1" 200 1002 "-" "check_http/v1.4.15 (nagios-plugins 1.4.15)"
students.alx.pl:80 localhost - - [22/Jun/2014:20:05:04 +0200] "GET /server-status?auto HTTP/1.1" 200 441 "-" "libwww-perl/5.836"
students.alx.pl:80 localhost - - [22/Jun/2014:20:05:04 +0200] "GET /server-status?auto HTTP/1.1" 200 441 "-" "libwww-perl/5.836"
students.alx.pl:80 localhost - - [22/Jun/2014:20:05:17 +0200] "GET /server-status?auto HTTP/1.1" 200 441 "-" "libwww-perl/5.836"
students.alx.pl:80 localhost - - [22/Jun/2014:20:05:17 +0200] "GET /server-status?auto HTTP/1.1" 200 441 "-" "libwww-perl/5.836"
students.alx.pl:80 localhost - - [22/Jun/2014:20:05:18 +0200] "GET /server-status?auto HTTP/1.1" 200 441 "-" "libwww-perl/5.836"
students.alx.pl:80 localhost - - [22/Jun/2014:20:05:18 +0200] "GET /server-status?auto HTTP/1.1" 200 441 "-" "libwww-perl/5.836"
students.alx.pl:80 193.22.169.147 - - [22/Jun/2014:20:06:42 +0200] "GET / HTTP/1.1" 200 1002 "-" "check_http/v1.4.15 (nagios-plugins 1.4.15)"
students.alx.pl:80 193.22.169.147 - - [22/Jun/2014:20:06:42 +0200] "GET / HTTP/1.1" 200 1002 "-" "check_http/v1.4.15 (nagios-plugins 1.4.15)"
students.alx.pl:80 localhost - - [22/Jun/2014:20:10:04 +0200] "GET /server-status?auto HTTP/1.1" 200 440 "-" "libwww-perl/5.836"
students.alx.pl:80 localhost - - [22/Jun/2014:20:10:04 +0200] "GET /server-status?auto HTTP/1.1" 200 440 "-" "libwww-perl/5.836"
students.alx.pl:80 localhost - - [22/Jun/2014:20:10:13 +0200] "GET /server-status?auto HTTP/1.1" 200 441 "-" "libwww-perl/5.836"
students.alx.pl:80 localhost - - [22/Jun/2014:20:10:13 +0200] "GET /server-status?auto HTTP/1.1" 200 441 "-" "libwww-perl/5.836"
students.alx.pl:80 localhost - - [22/Jun/2014:20:10:14 +0200] "GET /server-status?auto HTTP/1.1" 200 438 "-" "libwww-perl/5.836"
students.alx.pl:80 localhost - - [22/Jun/2014:20:10:14 +0200] "GET /server-status?auto HTTP/1.1" 200 438 "-" "libwww-perl/5.836"
students.alx.pl:80 193.22.169.147 - - [22/Jun/2014:20:11:42 +0200] "GET / HTTP/1.1" 200 1002 "-" "check_http/v1.4.15 (nagios-plugins 1.4.15)"
students.alx.pl:80 193.22.169.147 - - [22/Jun/2014:20:11:42 +0200] "GET / HTTP/1.1" 200 1002 "-" "check_http/v1.4.15 (nagios-plugins 1.4.15)"
students.alx.pl:80 localhost - - [22/Jun/2014:20:15:03 +0200] "GET /server-status?auto HTTP/1.1" 200 441 "-" "libwww-perl/5.836"
students.alx.pl:80 localhost - - [22/Jun/2014:20:15:03 +0200] "GET /server-status?auto HTTP/1.1" 200 441 "-" "libwww-perl/5.836"
students.alx.pl:80 localhost - - [22/Jun/2014:20:15:12 +0200] "GET /server-status?auto HTTP/1.1" 200 441 "-" "libwww-perl/5.836"
students.alx.pl:80 localhost - - [22/Jun/2014:20:15:12 +0200] "GET /server-status?auto HTTP/1.1" 200 441 "-" "libwww-perl/5.836"
students.alx.pl:80 localhost - - [22/Jun/2014:20:15:14 +0200] "GET /server-status?auto HTTP/1.1" 200 441 "-" "libwww-perl/5.836"
students.alx.pl:80 localhost - - [22/Jun/2014:20:15:14 +0200] "GET /server-status?auto HTTP/1.1" 200 441 "-" "libwww-perl/5.836"
students.alx.pl:80 193.22.169.147 - - [22/Jun/2014:20:16:42 +0200] "GET / HTTP/1.1" 200 1002 "-" "check_http/v1.4.15 (nagios-plugins 1.4.15)"
students.alx.pl:80 193.22.169.147 - - [22/Jun/2014:20:16:42 +0200] "GET / HTTP/1.1" 200 1002 "-" "check_http/v1.4.15 (nagios-plugins 1.4.15)"
students.alx.pl:80 localhost - - [22/Jun/2014:20:20:04 +0200] "GET /server-status?auto HTTP/1.1" 200 441 "-" "libwww-perl/5.836"
students.alx.pl:80 localhost - - [22/Jun/2014:20:20:04 +0200] "GET /server-status?auto HTTP/1.1" 200 441 "-" "libwww-perl/5.836"
students.alx.pl:80 localhost - - [22/Jun/2014:20:20:13 +0200] "GET /server-status?auto HTTP/1.1" 200 440 "-" "libwww-perl/5.836"
students.alx.pl:80 localhost - - [22/Jun/2014:20:20:13 +0200] "GET /server-status?auto HTTP/1.1" 200 440 "-" "libwww-perl/5.836"
students.alx.pl:80 localhost - - [22/Jun/2014:20:20:15 +0200] "GET /server-status?auto HTTP/1.1" 200 440 "-" "libwww-perl/5.836"
students.alx.pl:80 localhost - - [22/Jun/2014:20:20:15 +0200] "GET /server-status?auto HTTP/1.1" 200 440 "-" "libwww-perl/5.836"
students.alx.pl:80 193.22.169.147 - - [22/Jun/2014:20:21:42 +0200] "GET / HTTP/1.1" 200 1002 "-" "check_http/v1.4.15 (nagios-plugins 1.4.15)"
students.alx.pl:80 193.22.169.147 - - [22/Jun/2014:20:21:42 +0200] "GET / HTTP/1.1" 200 1002 "-" "check_http/v1.4.15 (nagios-plugins 1.4.15)"
students.alx.pl:80 localhost - - [22/Jun/2014:20:25:03 +0200] "GET /server-status?auto HTTP/1.1" 200 441 "-" "libwww-perl/5.836"
students.alx.pl:80 localhost - - [22/Jun/2014:20:25:03 +0200] "GET /server-status?auto HTTP/1.1" 200 441 "-" "libwww-perl/5.836"
students.alx.pl:80 localhost - - [22/Jun/2014:20:25:12 +0200] "GET /server-status?auto HTTP/1.1" 200 440 "-" "libwww-perl/5.836"
students.alx.pl:80 localhost - - [22/Jun/2014:20:25:12 +0200] "GET /server-status?auto HTTP/1.1" 200 440 "-" "libwww-perl/5.836"
students.alx.pl:80 localhost - - [22/Jun/2014:20:25:13 +0200] "GET /server-status?auto HTTP/1.1" 200 441 "-" "libwww-perl/5.836"
students.alx.pl:80 localhost - - [22/Jun/2014:20:25:13 +0200] "GET /server-status?auto HTTP/1.1" 200 441 "-" "libwww-perl/5.836"
students.alx.pl:80 66.249.79.96 - - [22/Jun/2014:20:26:00 +0200] "GET /~aczernicki/dat2/2013-04-15/gogle%20maps.txt HTTP/1.1" 200 81 "-" "Mozilla/5.0 (compatible; Googlebot/2.1; +http://www.google.com/bot.html)"
students.alx.pl:80 66.249.79.96 - - [22/Jun/2014:20:26:00 +0200] "GET /~aczernicki/dat2/2013-04-15/gogle%20maps.txt HTTP/1.1" 200 81 "-" "Mozilla/5.0 (compatible; Googlebot/2.1; +http://www.google.com/bot.html)"
students.alx.pl:80 193.22.169.147 - - [22/Jun/2014:20:26:42 +0200] "GET / HTTP/1.1" 200 1002 "-" "check_http/v1.4.15 (nagios-plugins 1.4.15)"
students.alx.pl:80 193.22.169.147 - - [22/Jun/2014:20:26:42 +0200] "GET / HTTP/1.1" 200 1002 "-" "check_http/v1.4.15 (nagios-plugins 1.4.15)"
students.alx.pl:80 localhost - - [22/Jun/2014:20:30:04 +0200] "GET /server-status?auto HTTP/1.1" 200 441 "-" "libwww-perl/5.836"
students.alx.pl:80 localhost - - [22/Jun/2014:20:30:04 +0200] "GET /server-status?auto HTTP/1.1" 200 441 "-" "libwww-perl/5.836"
students.alx.pl:80 localhost - - [22/Jun/2014:20:30:14 +0200] "GET /server-status?auto HTTP/1.1" 200 441 "-" "libwww-perl/5.836"
students.alx.pl:80 localhost - - [22/Jun/2014:20:30:14 +0200] "GET /server-status?auto HTTP/1.1" 200 441 "-" "libwww-perl/5.836"
students.alx.pl:80 localhost - - [22/Jun/2014:20:30:16 +0200] "GET /server-status?auto HTTP/1.1" 200 439 "-" "libwww-perl/5.836"
students.alx.pl:80 localhost - - [22/Jun/2014:20:30:16 +0200] "GET /server-status?auto HTTP/1.1" 200 439 "-" "libwww-perl/5.836"
students.alx.pl:80 193.22.169.147 - - [22/Jun/2014:20:31:42 +0200] "GET / HTTP/1.1" 200 1002 "-" "check_http/v1.4.15 (nagios-plugins 1.4.15)"
students.alx.pl:80 193.22.169.147 - - [22/Jun/2014:20:31:42 +0200] "GET / HTTP/1.1" 200 1002 "-" "check_http/v1.4.15 (nagios-plugins 1.4.15)"
students.alx.pl:80 localhost - - [22/Jun/2014:20:35:03 +0200] "GET /server-status?auto HTTP/1.1" 200 441 "-" "libwww-perl/5.836"
students.alx.pl:80 localhost - - [22/Jun/2014:20:35:03 +0200] "GET /server-status?auto HTTP/1.1" 200 441 "-" "libwww-perl/5.836"
students.alx.pl:80 localhost - - [22/Jun/2014:20:35:14 +0200] "GET /server-status?auto HTTP/1.1" 200 441 "-" "libwww-perl/5.836"
students.alx.pl:80 localhost - - [22/Jun/2014:20:35:14 +0200] "GET /server-status?auto HTTP/1.1" 200 441 "-" "libwww-perl/5.836"
students.alx.pl:80 localhost - - [22/Jun/2014:20:35:16 +0200] "GET /server-status?auto HTTP/1.1" 200 441 "-" "libwww-perl/5.836"
students.alx.pl:80 localhost - - [22/Jun/2014:20:35:16 +0200] "GET /server-status?auto HTTP/1.1" 200 441 "-" "libwww-perl/5.836"
students.alx.pl:80 193.22.169.147 - - [22/Jun/2014:20:36:42 +0200] "GET / HTTP/1.1" 200 1002 "-" "check_http/v1.4.15 (nagios-plugins 1.4.15)"
students.alx.pl:80 193.22.169.147 - - [22/Jun/2014:20:36:42 +0200] "GET / HTTP/1.1" 200 1002 "-" "check_http/v1.4.15 (nagios-plugins 1.4.15)"
students.alx.pl:80 localhost - - [22/Jun/2014:20:40:04 +0200] "GET /server-status?auto HTTP/1.1" 200 441 "-" "libwww-perl/5.836"
students.alx.pl:80 localhost - - [22/Jun/2014:20:40:04 +0200] "GET /server-status?auto HTTP/1.1" 200 441 "-" "libwww-perl/5.836"
students.alx.pl:80 localhost - - [22/Jun/2014:20:40:14 +0200] "GET /server-status?auto HTTP/1.1" 200 441 "-" "libwww-perl/5.836"
students.alx.pl:80 localhost - - [22/Jun/2014:20:40:14 +0200] "GET /server-status?auto HTTP/1.1" 200 441 "-" "libwww-perl/5.836"
students.alx.pl:80 localhost - - [22/Jun/2014:20:40:15 +0200] "GET /server-status?auto HTTP/1.1" 200 441 "-" "libwww-perl/5.836"
students.alx.pl:80 localhost - - [22/Jun/2014:20:40:15 +0200] "GET /server-status?auto HTTP/1.1" 200 441 "-" "libwww-perl/5.836"
students.alx.pl:80 193.22.169.147 - - [22/Jun/2014:20:41:42 +0200] "GET / HTTP/1.1" 200 1002 "-" "check_http/v1.4.15 (nagios-plugins 1.4.15)"
students.alx.pl:80 193.22.169.147 - - [22/Jun/2014:20:41:42 +0200] "GET / HTTP/1.1" 200 1002 "-" "check_http/v1.4.15 (nagios-plugins 1.4.15)"
students.alx.pl:80 localhost - - [22/Jun/2014:20:45:03 +0200] "GET /server-status?auto HTTP/1.1" 200 440 "-" "libwww-perl/5.836"
students.alx.pl:80 localhost - - [22/Jun/2014:20:45:03 +0200] "GET /server-status?auto HTTP/1.1" 200 440 "-" "libwww-perl/5.836"
students.alx.pl:80 localhost - - [22/Jun/2014:20:45:13 +0200] "GET /server-status?auto HTTP/1.1" 200 441 "-" "libwww-perl/5.836"
students.alx.pl:80 localhost - - [22/Jun/2014:20:45:13 +0200] "GET /server-status?auto HTTP/1.1" 200 441 "-" "libwww-perl/5.836"
students.alx.pl:80 localhost - - [22/Jun/2014:20:45:14 +0200] "GET /server-status?auto HTTP/1.1" 200 441 "-" "libwww-perl/5.836"
students.alx.pl:80 localhost - - [22/Jun/2014:20:45:14 +0200] "GET /server-status?auto HTTP/1.1" 200 441 "-" "libwww-perl/5.836"
students.alx.pl:80 193.22.169.147 - - [22/Jun/2014:20:46:42 +0200] "GET / HTTP/1.1" 200 1002 "-" "check_http/v1.4.15 (nagios-plugins 1.4.15)"
students.alx.pl:80 193.22.169.147 - - [22/Jun/2014:20:46:42 +0200] "GET / HTTP/1.1" 200 1002 "-" "check_http/v1.4.15 (nagios-plugins 1.4.15)"
students.alx.pl:80 localhost - - [22/Jun/2014:20:50:03 +0200] "GET /server-status?auto HTTP/1.1" 200 441 "-" "libwww-perl/5.836"
students.alx.pl:80 localhost - - [22/Jun/2014:20:50:03 +0200] "GET /server-status?auto HTTP/1.1" 200 441 "-" "libwww-perl/5.836"
students.alx.pl:80 localhost - - [22/Jun/2014:20:50:12 +0200] "GET /server-status?auto HTTP/1.1" 200 439 "-" "libwww-perl/5.836"
students.alx.pl:80 localhost - - [22/Jun/2014:20:50:12 +0200] "GET /server-status?auto HTTP/1.1" 200 439 "-" "libwww-perl/5.836"
students.alx.pl:80 localhost - - [22/Jun/2014:20:50:13 +0200] "GET /server-status?auto HTTP/1.1" 200 441 "-" "libwww-perl/5.836"
students.alx.pl:80 localhost - - [22/Jun/2014:20:50:13 +0200] "GET /server-status?auto HTTP/1.1" 200 441 "-" "libwww-perl/5.836"
students.alx.pl:80 193.22.169.147 - - [22/Jun/2014:20:51:42 +0200] "GET / HTTP/1.1" 200 1002 "-" "check_http/v1.4.15 (nagios-plugins 1.4.15)"
